// Jest Snapshot v1, https://goo.gl/fbAQLP

exports[`<Ribbon> should render component 1`] = `
<div
  className="false ribbon-zoomin"
/>
`;

exports[`<Ribbon> should render component with props 1`] = `
<div
  className="false ribbon-zoomin"
/>
`;
